2026-09-20 https://grupoalmadia.com/ SOLICITADA=True 
2026-09-20 https://grupoalmadia.com/servicios/correo-suplantado-spf-dkim-dmarc/ SOLICITADA=True 
2026-09-20 https://grupoalmadia.com/servicios/registro-bases-de-datos-sic-rnbd/ SOLICITADA=True 
2026-09-20 https://grupoalmadia.com/servicios/pagina-web-para-pymes/ SOLICITADA=True 
2026-09-20 https://grupoalmadia.com/servicios/copias-de-seguridad-para-empresas/ SOLICITADA=True 
2026-09-20 https://grupoalmadia.com/licitaciones/ SOLICITADA=True 
2026-09-20 https://grupoalmadia.com/licitaciones/guia-como-venderle-al-estado/ SOLICITADA=True 
2026-09-20 https://grupoalmadia.com/servicios/que-es-secop-ii-y-como-participar/ SOLICITADA=False 
2026-09-20 https://grupoalmadia.com/servicios/por-que-mi-negocio-no-aparece-en-google/ SOLICITADA=True 
2026-09-20 https://grupoalmadia.com/en/packages/ 
2026-09-20 https://grupoalmadia.com/servicios/que-es-secop-ii-y-como-participar/ SOLICITADA=True (reintento manual)
2026-09-20 https://grupoalmadia.com/en/packages/ SOLICITADA=True (reintento manual)
2026-09-21 https://grupoalmadia.com/servicios/asesoria-secop-ii/ SOLICITADA=True 
2026-09-21 https://grupoalmadia.com/servicios/posicionamiento-seo-para-pymes/ SOLICITADA=True 
2026-09-21 https://grupoalmadia.com/servicios/ficha-de-google-para-empresas/ SOLICITADA=True 
2026-09-21 https://grupoalmadia.com/servicios/como-contratar-con-el-estado-colombia/ SOLICITADA=True 
2026-09-21 https://grupoalmadia.com/proteccion-digital/ SOLICITADA=True 
2026-09-21 https://grupoalmadia.com/servicios-digitales/ SOLICITADA=True 
2026-09-21 https://grupoalmadia.com/licitaciones/guia-como-venderle-al-estado/ SOLICITADA=True 
2026-09-21 https://grupoalmadia.com/empresas/ SOLICITADA=True 
2026-09-21 https://grupoalmadia.com/pt/packages/ SOLICITADA=True 
2026-09-21 https://grupoalmadia.com/fr/packages/ SOLICITADA=False CUOTA_AGOTADA 
2026-09-22 https://grupoalmadia.com/servicios/documentos-para-ser-proveedor-de-una-petrolera/ SOLICITADA=True 
2026-09-22 https://grupoalmadia.com/servicios/ruc-consejo-colombiano-de-seguridad/ SOLICITADA=True 
2026-09-22 https://grupoalmadia.com/hidrocarburos/ SOLICITADA=False 
2026-09-22 https://grupoalmadia.com/servicios/rup-que-es-y-como-inscribirse/ SOLICITADA=True 
2026-09-22 https://grupoalmadia.com/fr/packages/ SOLICITADA=False 
2026-09-22 https://grupoalmadia.com/de/packages/ SOLICITADA=True 
2026-09-22 https://grupoalmadia.com/it/packages/ SOLICITADA=True 
2026-09-22 https://grupoalmadia.com/zh/packages/ 
2026-09-22 https://grupoalmadia.com/ar/packages/ SOLICITADA=False CUOTA_AGOTADA 
